Microchip MPLAB XC8 Compiler V3.10

Linker command line:

-W-3 \
  --edf=C:\Program Files\Microchip\xc8\v3.10\pic\dat\20250813170317_en.msgs \
  -cn -h+dist/default/production\display.X.production.sym \
  --cmf=dist/default/production\display.X.production.cmf -z -Q18F4580 \
  -oC:\Users\Fahed\AppData\Local\Temp\xcAs3bo.0\driver_tmp_3.o \
  --defsym=__MPLAB_BUILD=1 --fixupoverflow=error \
  -Mdist/default/production/display.X.production.map \
  --md=C:\Users\Fahed\AppData\Local\Temp\xcAs3bo.0\driver_tmp_0.dat -E1 \
  -ver=XC8 Compiler -ACODE=00h-07FFFh -ACONST=00h-07FFFh \
  -ASMALLCONST=0600h-06FFhx122 -AMEDIUMCONST=0600h-07FFFh -ACOMRAM=01h-05Fh \
  -AABS1=00h-05FFh -ABIGRAM=01h-05FFh -ARAM=060h-0FFh,0100h-01FFhx5 \
  -ABANK0=060h-0FFh -ABANK1=0100h-01FFh -ABANK2=0200h-02FFh \
  -ABANK3=0300h-03FFh -ABANK4=0400h-04FFh -ABANK5=0500h-05FFh \
  -ASFR=0D00h-0DFFhx2,0F00h-0F5Fh,0F60h-0FFFh -ABIGSFR=0D00h-0FFFh \
  -ACONFIG=0300000h-030000Dh -AIDLOC=0200000h-0200007h \
  -AEEDATA=0F00000h-0F000FFh -peeprom_data=EEDATA \
  -preset_vec=00h,intcode=8h,intcodelo=18h,sivt_lo,sivt_hi=CODE \
  -ppowerup=CODE,init -pramtop=0600h -psmallconst=SMALLCONST \
  -pmediumconst=MEDIUMCONST -pconst=CONST -AFARRAM=00h-00h \
  -prdata=COMRAM,nvrram=COMRAM,nvbit=COMRAM,rbss=COMRAM,rbit=COMRAM \
  -pfarbss=FARRAM,fardata=FARRAM,nvFARRAM=FARRAM \
  -pintsave_regs=BIGRAM,bigbss=BIGRAM,bigdata=BIGRAM -pbss=RAM \
  -pidata=CODE,irdata=CODE,ibigdata=CODE,ifardata=CODE -prparam=COMRAM \
  C:\Users\Fahed\AppData\Local\Temp\xcAs3bo.0\driver_tmp_9.o \
  dist/default/production\display.X.production.o 

Object code version is 3.11

Machine type is 18F4580



                Name                               Link     Load   Length Selector   Space Scale
C:\Users\Fahed\AppData\Local\Temp\xcAs3bo.0\driver_tmp_9.o
                init                                  E        E        4        4       0
                reset_vec                             0        0        4        0       0
dist/default/production\display.X.production.o
                intcode                               8        8        6        4       0
                smallconst                          600      600       1C      300       0
                intcode_body                        61C      61C      10A      30E       0
                text14                              96A      96A       3C      30E       0
                text13                              9E0      9E0       3A      30E       0
                text12                              A1A      A1A       34      30E       0
                text11                              B0E      B0E        8      30E       0
                text10                              AEA      AEA       14      30E       0
                text9                               AD4      AD4       16      30E       0
                text8                               9A6      9A6       3A      30E       0
                text7                               876      876       88      30E       0
                text6                               8FE      8FE       6C      30E       0
                text5                               A96      A96       24      30E       0
                text4                               7CE      7CE       A8      30E       0
                text3                               A72      A72       24      30E       0
                text2                               A4E      A4E       24      30E       0
                text1                               726      726       A8      30E       0
                text0                               AFE      AFE       10      30E       0
                cstackCOMRAM                          2        2       13        2       1
                bssCOMRAM                            15       15        D        2       1
                cinit                               ABA      ABA       1A      30E       0

TOTAL           Name                               Link     Load   Length     Space
        CLASS   CODE           
                intcode                               8        8        6         0
                init                                  E        E        4         0
                reset_vec                             0        0        4         0
                intcode_body                        61C      61C      10A         0
                text14                              96A      96A       3C         0
                text13                              9E0      9E0       3A         0
                text12                              A1A      A1A       34         0
                text11                              B0E      B0E        8         0
                text10                              AEA      AEA       14         0
                text9                               AD4      AD4       16         0
                text8                               9A6      9A6       3A         0
                text7                               876      876       88         0
                text6                               8FE      8FE       6C         0
                text5                               A96      A96       24         0
                text4                               7CE      7CE       A8         0
                text3                               A72      A72       24         0
                text2                               A4E      A4E       24         0
                text1                               726      726       A8         0
                text0                               AFE      AFE       10         0
                cinit                               ABA      ABA       1A         0

        CLASS   CONST          

        CLASS   SMALLCONST     
                smallconst                          600      600       1C         0

        CLASS   MEDIUMCONST    

        CLASS   COMRAM         
                cstackCOMRAM                          2        2       13         1
                bssCOMRAM                            15       15        D         1

        CLASS   ABS1           
                abs_s1                                1        1        1         1

        CLASS   BIGRAM         

        CLASS   RAM            

        CLASS   BANK0          

        CLASS   BANK1          

        CLASS   BANK2          

        CLASS   BANK3          

        CLASS   BANK4          

        CLASS   BANK5          

        CLASS   SFR            

        CLASS   BIGSFR         

        CLASS   CONFIG         

        CLASS   IDLOC          

        CLASS   EEDATA         

        CLASS   FARRAM         

        CLASS   HEAP           

        CLASS   STACK          



SEGMENTS        Name                           Load    Length   Top    Selector   Space  Class

                reset_vec                      000000  000004  000004         0       0  CODE    
                cstackCOMRAM                   000002  000020  000022         2       1  COMRAM  
                intcode                        000008  00000A  000012         4       0  CODE    
                smallconst                     000600  00001C  00061C       300       0  SMALLCON
                intcode_body                   00061C  0004FA  000B16       30E       0  CODE    


UNUSED ADDRESS RANGES

        Name                Unused          Largest block    Delta
        BANK0            0060-00FF             A0
        BANK1            0100-01FF            100
        BANK2            0200-02FF            100
        BANK3            0300-03FF            100
        BANK4            0400-04FF            100
        BANK5            0500-05FF            100
        BIGRAM           0022-05FF            5DE
        BIGSFR           0D00-0FFF            300
        CODE             0004-0007              4
                         0012-05FF            5EE
                         0B16-7FFF           74EA
        COMRAM           0022-005F             3E
        CONFIG           300000-30000D              E
        CONST            0004-0007              4
                         0012-05FF            5EE
                         0B16-7FFF           74EA
        EEDATA           F00000-F000FF            100
        IDLOC            200000-200007              8
        MEDIUMCONST      0B16-7FFF           74EA
        RAM              0060-05FF            100
        SFR              0D00-0FFF            100
        SMALLCONST       0B16-7FFF            100

                                  Symbol Table

?_get_msg_id_std               cstackCOMRAM 0003
_BRG16                         (abs)        7DC3
_BRGCON1                       (abs)        0F70
_BRGCON2                       (abs)        0F71
_BRGCON3                       (abs)        0F72
_BRGH                          (abs)        7D62
_CANCON                        (abs)        0F6F
_CANSTAT                       (abs)        0F6E
_CREN                          (abs)        7D5C
_ECANCON                       (abs)        0F77
_GIE                           (abs)        7F97
_PEIE                          (abs)        7F96
_PORTB                         (abs)        0F81
_PORTBbits                     (abs)        0F81
_PORTD                         (abs)        0F83
_PSA                           (abs)        7EAB
_RC0                           (abs)        7C10
_RC1                           (abs)        7C11
_RC2                           (abs)        7C12
_RCIF                          (abs)        7CF5
_RCREG                         (abs)        0FAE
_RD7                           (abs)        7C1F
_RX9                           (abs)        7D5E
_RXB0CON                       (abs)        0F60
_RXB0CONbits                   (abs)        0F60
_RXB0D0                        (abs)        0F66
_RXB0DLC                       (abs)        0F65
_RXB0FUL                       (abs)        7B07
_RXB0IF                        (abs)        7D20
_RXB0SIDH                      (abs)        0F61
_RXB0SIDL                      (abs)        0F62
_RXFCON0                       (abs)        0DD4
_SENDB                         (abs)        7D63
_SPBRG                         (abs)        0FAF
_SPEN                          (abs)        7D5F
_SYNC                          (abs)        7D64
_T08BIT                        (abs)        7EAE
_T0CS                          (abs)        7EAD
_TMR0                          (abs)        0FD6
_TMR0IE                        (abs)        7F95
_TMR0IF                        (abs)        7F92
_TMR0ON                        (abs)        7EAF
_TRISB                         (abs)        0F93
_TRISB2                        (abs)        7C9A
_TRISB3                        (abs)        7C9B
_TRISC                         (abs)        0F94
_TRISC6                        (abs)        7CA6
_TRISC7                        (abs)        7CA7
_TRISD                         (abs)        0F95
_TRISD7                        (abs)        7CAF
_TX9                           (abs)        7D66
_TXB0D0                        (abs)        0F46
_TXB0DLC                       (abs)        0F45
_TXB0EIDH                      (abs)        0F43
_TXB0EIDL                      (abs)        0F44
_TXB0REQ                       (abs)        7A03
_TXB0SIDH                      (abs)        0F41
_TXB0SIDL                      (abs)        0F42
_TXEN                          (abs)        7D65
_TXIF                          (abs)        7CF4
_TXREG                         (abs)        0FAD
__HRAM                         (abs)        0000
__H__absolute__                __absolute__ 0000
__Habs1                        abs1         0000
__Hbank0                       bank0        0000
__Hbank1                       bank1        0000
__Hbank2                       bank2        0000
__Hbank3                       bank3        0000
__Hbank4                       bank4        0000
__Hbank5                       bank5        0000
__Hbigbss                      bigbss       0000
__Hbigdata                     bigdata      0000
__Hbigram                      bigram       0000
__Hbigsfr                      bigsfr       0000
__Hbss                         bss          0000
__HbssCOMRAM                   bssCOMRAM    0000
__Hcinit                       cinit        0000
__Hclrtext                     clrtext      0000
__Hcomram                      comram       0000
__Hconfig                      config       0000
__Hconst                       const        0000
__HcstackCOMRAM                cstackCOMRAM 0000
__Hdata                        data         0000
__Heeprom_data                 eeprom_data  0000
__Hfarbss                      farbss       0000
__Hfardata                     fardata      0000
__Hheap                        heap         0000
__Hibigdata                    ibigdata     0000
__Hidata                       idata        0000
__Hidloc                       idloc        0000
__Hifardata                    ifardata     0000
__Hinit                        init         0012
__Hintcode                     intcode      000E
__Hintcode_body                intcode_body 0000
__Hintcodelo                   intcodelo    0018
__Hintentry                    intentry     0000
__Hintret                      intret       0000
__Hintsave_regs                intsave_regs 0000
__Hirdata                      irdata       0000
__Hmediumconst                 mediumconst  0000
__HnvFARRAM                    nvFARRAM     0000
__Hnvbit                       nvbit        0000
__Hnvrram                      nvrram       0000
__Hparam                       rparam       0000
__Hpowerup                     powerup      0000
__Hram                         ram          0000
__Hramtop                      ramtop       0600
__Hrbit                        rbit         0000
__Hrbss                        rbss         0000
__Hrdata                       rdata        0000
__Hreset_vec                   reset_vec    0004
__Hrparam                      rparam       0000
__Hsfr                         sfr          0000
__Hsivt_hi                     sivt_hi      0000
__Hsivt_lo                     sivt_lo      0018
__Hsmallconst                  smallconst   061C
__Hspace_0                     (abs)        0B16
__Hspace_1                     (abs)        0022
__Hspace_2                     (abs)        0000
__Hspace_4                     (abs)        0000
__Hstack                       stack        0000
__Hstruct                      struct       0000
__Htemp                        temp         0000
__Htext                        text         0000
__Htext0                       text0        0000
__Htext1                       text1        0000
__Htext10                      text10       0000
__Htext11                      text11       0000
__Htext12                      text12       0000
__Htext13                      text13       0000
__Htext14                      text14       0000
__Htext2                       text2        0000
__Htext3                       text3        0000
__Htext4                       text4        0000
__Htext5                       text5        0000
__Htext6                       text6        0000
__Htext7                       text7        0000
__Htext8                       text8        0000
__Htext9                       text9        0000
__LRAM                         (abs)        0001
__L__absolute__                __absolute__ 0000
__Labs1                        abs1         0000
__Lbank0                       bank0        0000
__Lbank1                       bank1        0000
__Lbank2                       bank2        0000
__Lbank3                       bank3        0000
__Lbank4                       bank4        0000
__Lbank5                       bank5        0000
__Lbigbss                      bigbss       0000
__Lbigdata                     bigdata      0000
__Lbigram                      bigram       0000
__Lbigsfr                      bigsfr       0000
__Lbss                         bss          0000
__LbssCOMRAM                   bssCOMRAM    0000
__Lcinit                       cinit        0000
__Lclrtext                     clrtext      0000
__Lcomram                      comram       0000
__Lconfig                      config       0000
__Lconst                       const        0000
__LcstackCOMRAM                cstackCOMRAM 0000
__Ldata                        data         0000
__Leeprom_data                 eeprom_data  0000
__Lfarbss                      farbss       0000
__Lfardata                     fardata      0000
__Lheap                        heap         0000
__Libigdata                    ibigdata     0000
__Lidata                       idata        0000
__Lidloc                       idloc        0000
__Lifardata                    ifardata     0000
__Linit                        init         000E
__Lintcode                     intcode      0008
__Lintcode_body                intcode_body 0000
__Lintcodelo                   intcodelo    0018
__Lintentry                    intentry     0000
__Lintret                      intret       0000
__Lintsave_regs                intsave_regs 0000
__Lirdata                      irdata       0000
__Lmediumconst                 mediumconst  0000
__LnvFARRAM                    nvFARRAM     0000
__Lnvbit                       nvbit        0000
__Lnvrram                      nvrram       0000
__Lparam                       rparam       0000
__Lpowerup                     powerup      0000
__Lram                         ram          0000
__Lramtop                      ramtop       0600
__Lrbit                        rbit         0000
__Lrbss                        rbss         0000
__Lrdata                       rdata        0000
__Lreset_vec                   reset_vec    0000
__Lrparam                      rparam       0000
__Lsfr                         sfr          0000
__Lsivt_hi                     sivt_hi      0000
__Lsivt_lo                     sivt_lo      0018
__Lsmallconst                  smallconst   0600
__Lspace_0                     (abs)        0000
__Lspace_1                     (abs)        0000
__Lspace_2                     (abs)        0000
__Lspace_4                     (abs)        0000
__Lstack                       stack        0000
__Lstruct                      struct       0000
__Ltemp                        temp         0000
__Ltext                        text         0000
__Ltext0                       text0        0000
__Ltext1                       text1        0000
__Ltext10                      text10       0000
__Ltext11                      text11       0000
__Ltext12                      text12       0000
__Ltext13                      text13       0000
__Ltext14                      text14       0000
__Ltext2                       text2        0000
__Ltext3                       text3        0000
__Ltext4                       text4        0000
__Ltext5                       text5        0000
__Ltext6                       text6        0000
__Ltext7                       text7        0000
__Ltext8                       text8        0000
__Ltext9                       text9        0000
__S0                           (abs)        0B16
__S1                           (abs)        0022
__S4                           (abs)        0000
__S5                           (abs)        0000
___heap_hi                     (abs)        0000
___heap_lo                     (abs)        0000
___inthi_sp                    stack        0000
___inthi_stack_hi              stack        0000
___inthi_stack_lo              stack        0000
___intlo_sp                    stack        0000
___intlo_stack_hi              stack        0000
___intlo_stack_lo              stack        0000
___param_bank                  (abs)        0000
___rparam_used                 (abs)        0001
___sp                          stack        0000
___stack_hi                    stack        0000
___stack_lo                    stack        0000
__accesstop                    (abs)        0060
__activetblptr                 (abs)        0002
__end_of__initialization       cinit        0AC6
__end_of_can_receive           text7        08FE
__end_of_clcd_print            text6        096A
__end_of_clcd_write            text13       0A1A
__end_of_get_msg_id_std        text8        09E0
__end_of_handle_gear_data      text5        0ABA
__end_of_handle_indicator_data text4        0876
__end_of_handle_rpm_data       text3        0A96
__end_of_handle_speed_data     text2        0A72
__end_of_init_can              text14       09A6
__end_of_init_clcd             text12       0A4E
__end_of_init_config           text9        0AEA
__end_of_init_leds             text11       0B16
__end_of_init_timer0           text10       0AFE
__end_of_isr                   intcode_body 0726
__end_of_main                  text0        0B0E
__end_of_process_canbus_data   text1        07CE
__initialization               cinit        0ABA
__mediumconst                  smallconst   0600
__pbssCOMRAM                   bssCOMRAM    0015
__pcinit                       cinit        0ABA
__pcstackCOMRAM                cstackCOMRAM 0002
__pintcode                     intcode      0008
__pintcode_body                intcode_body 061C
__psmallconst                  smallconst   0600
__ptext0                       text0        0AFE
__ptext1                       text1        0726
__ptext10                      text10       0AEA
__ptext11                      text11       0B0E
__ptext12                      text12       0A1A
__ptext13                      text13       09E0
__ptext14                      text14       096A
__ptext2                       text2        0A4E
__ptext3                       text3        0A72
__ptext4                       text4        07CE
__ptext5                       text5        0A96
__ptext6                       text6        08FE
__ptext7                       text7        0876
__ptext8                       text8        09A6
__ptext9                       text9        0AD4
__ramtop                       ramtop       0600
__smallconst                   smallconst   0600
_can_receive                   text7        0876
_clcd_print                    text6        08FE
_clcd_write                    text13       09E0
_count                         bssCOMRAM    0015
_data                          bssCOMRAM    0019
_get_msg_id_std                text8        09A6
_handle_gear_data              text5        0A96
_handle_indicator_data         text4        07CE
_handle_rpm_data               text3        0A72
_handle_speed_data             text2        0A4E
_init_can                      text14       096A
_init_clcd                     text12       0A1A
_init_config                   text9        0AD4
_init_leds                     text11       0B0E
_init_timer0                   text10       0AEA
_isr                           intcode      0008
_led_state                     bssCOMRAM    0018
_len                           bssCOMRAM    0021
_main                          text0        0AFE
_msg_id                        bssCOMRAM    001F
_process_canbus_data           text1        0726
_status                        bssCOMRAM    0017
btemp                          (abs)        0001
btemp0                         (abs)        0001
btemp1                         (abs)        0002
can_receive@data               cstackCOMRAM 000C
can_receive@i                  cstackCOMRAM 0013
can_receive@len                cstackCOMRAM 000D
can_receive@msg_id             cstackCOMRAM 000B
can_receive@ptr                cstackCOMRAM 0011
clcd_print@addr                cstackCOMRAM 0007
clcd_print@data                cstackCOMRAM 0005
clcd_write@byte                cstackCOMRAM 0004
clcd_write@control_bit         cstackCOMRAM 0003
end_of_initialization          cinit        0AC6
get_msg_id_std@id              cstackCOMRAM 0009
handle_gear_data@data          cstackCOMRAM 0008
handle_gear_data@len           cstackCOMRAM 0009
handle_indicator_data@data     cstackCOMRAM 0008
handle_indicator_data@len      cstackCOMRAM 0009
handle_rpm_data@data           cstackCOMRAM 0008
handle_rpm_data@len            cstackCOMRAM 0009
handle_speed_data@data         cstackCOMRAM 0008
handle_speed_data@len          cstackCOMRAM 0009
int$flags                      (abs)        0001
int_func                       intcode_body 061C
intlevel0                      text         0000
intlevel1                      text         0000
intlevel2                      text         0000
intlevel3                      text         0000
isa$std                        (abs)        0001
isa$xinst                      (abs)        0000
stackhi                        (abs)        0000
stacklo                        (abs)        0000
start                          init         000E
start_initialization           cinit        0ABA


MODULE INFORMATION

Module		Function		Class		Link	Load	Size
message_handler.c
		_handle_gear_data		CODE           	0A96	0000	36
		_handle_speed_data		CODE           	0A4E	0000	36
		_handle_indicator_data		CODE           	07CE	0000	168
		_isr           		CODE           	0008	0000	272
		_handle_rpm_data		CODE           	0A72	0000	36
		_process_canbus_data		CODE           	0726	0000	168

message_handler.c estimated size: 716

timer0.c
		_init_timer0   		CODE           	0AEA	0000	20

timer0.c estimated size: 20

shared
		__initialization		CODE           	0ABA	0000	12

shared estimated size: 12

clcd.c
		_clcd_write    		CODE           	09E0	0000	58
		_clcd_print    		CODE           	08FE	0000	108
		_init_clcd     		CODE           	0A1A	0000	52

clcd.c estimated size: 218

can.c
		_init_can      		CODE           	096A	0000	60
		_can_receive   		CODE           	0876	0000	136
		_get_msg_id_std		CODE           	09A6	0000	58

can.c estimated size: 254

main.c
		_init_leds     		CODE           	0B0E	0000	8
		_main          		CODE           	0AFE	0000	16
		_init_config   		CODE           	0AD4	0000	22

main.c estimated size: 46

